
> thousand@1.0.0 test
> node --test tests/*.test.js

▶ BidControls — smallestLegalBid and initial input value
  ✔ with currentHighBid = null (no bid yet) the field initialises to 100 (24.1432ms)
  ✔ with currentHighBid = 100 (a bid of 100 accepted) the field initialises to 105 (4.0989ms)
  ✔ with currentHighBid = 295 the field initialises to 300 (+5 clamps to cap) (4.776ms)
✔ BidControls — smallestLegalBid and initial input value (34.5291ms)
▶ BidControls — cap reached (currentHighBid = 300)
  ✔ numeric input, both steppers, and Bid are disabled; only Pass remains operable (3.2544ms)
✔ BidControls — cap reached (currentHighBid = 300) (3.6748ms)
▶ BidControls — stepper clamps
  ✔ decrease clamps to smallestLegalBid (7.5401ms)
  ✔ decrease steps down by 5 when above the floor (25.6331ms)
  ✔ increase clamps to 300 (8.49ms)
  ✔ increase steps up by 5 (2.744ms)
✔ BidControls — stepper clamps (52.0735ms)
▶ BidControls — Bid button validity based on typed input
  ✔ typing 107 (non-multiple of 5) disables the Bid button (2.7853ms)
  ✔ typing 200 (valid) enables the Bid button (3.9755ms)
  ✔ typing below smallestLegalBid disables Bid (3.9898ms)
✔ BidControls — Bid button validity based on typed input (12.8434ms)
▶ BidControls — Pass is always operable for the active bidder
  ✔ Pass is clickable at initial state (4.5228ms)
  ✔ Pass is clickable when cap is reached (currentHighBid = 300) (19.1475ms)
  ✔ Pass is clickable when an invalid value is typed (3.1414ms)
✔ BidControls — Pass is always operable for the active bidder (27.976ms)
▶ BidControls — visibility states (setActiveState)
  ✔ hidden when isEligible is false (3.4487ms)
  ✔ disabled when eligible-but-not-active-bidder (2.2138ms)
  ✔ operable when isActiveBidder and isEligible are both true (8.3697ms)
✔ BidControls — visibility states (setActiveState) (14.4385ms)
▶ BidControls — submit actions
  ✔ clicking Bid dispatches sendBid with the current valid input value (3.5043ms)
  ✔ clicking Pass dispatches sendPass (1.9529ms)
✔ BidControls — submit actions (6.4093ms)
▶ CardExchangeView — declarer view shows 10 cards (FR-002)
  ✔ renders 10 .card-exchange__card elements when isDeclarerView: true (51.6146ms)
  ✔ no .card-exchange__waiting element when isDeclarerView: true (5.229ms)
✔ CardExchangeView — declarer view shows 10 cards (FR-002) (58.3673ms)
▶ CardExchangeView — opponent view shows waiting message (FR-020)
  ✔ renders .card-exchange__waiting element when isDeclarerView: false (19.615ms)
  ✔ does not render card elements when isDeclarerView: false (1.7589ms)
✔ CardExchangeView — opponent view shows waiting message (FR-020) (22.1942ms)
▶ CardExchangeView — after first pass, remaining dest btn is for other opponent (FR-002)
  ✔ after exchangePassesCommitted: 1, tapping a card shows only 1 destination button (31.7194ms)
  ✔ after exchangePassesCommitted: 0, tapping a card shows 2 destination buttons (11.5557ms)
✔ CardExchangeView — after first pass, remaining dest btn is for other opponent (FR-002) (44.0787ms)
▶ CardExchangeView — tapping card then dest btn calls dispatcher.sendExchangePass (FR-002)
  ✔ clicking a card then a destination button calls sendExchangePass with correct args (10.3758ms)
  ✔ sendExchangePass is called with the selected card id (30.8788ms)
✔ CardExchangeView — tapping card then dest btn calls dispatcher.sendExchangePass (FR-002) (42.7855ms)
▶ ConnectionManager hello flow
  ✔ (a) no hello within 5 s → socket closed 1008 (2.9603ms)
  ✔ (b) hello with no creds → connected { restored: false } (2.4718ms)
  ✔ (c) hello with valid creds → connected { restored: true, nickname } (1.152ms)
  ✔ (d) duplicate hello ignored (0.9827ms)
  ✔ (e) SC-001 — hello→connected latency < 2000 ms (server-side) (1.168ms)
✔ ConnectionManager hello flow (11.5744ms)
▶ ConnectionManager hello — game restoration
  ✔ restored player with gameId sends game_joined (1.3596ms)
✔ ConnectionManager hello — game restoration (1.7045ms)
▶ ConnectionManager IP rate limit
  ✔ 11th connection from same IP is closed with 1008 (0.8517ms)
✔ ConnectionManager IP rate limit (1.3312ms)
▶ ConnectionManager message rate limit
  ✔ 31st message in same window triggers close 1008 (0.9843ms)
✔ ConnectionManager message rate limit (1.4299ms)
▶ ConnectionManager heartbeat
  ✔ startHeartbeat registers an interval with given ms (14.2393ms)
  ✔ startHeartbeat is idempotent — second call ignored (2.5277ms)
  ✔ stopHeartbeat clears the interval and nulls the timer (0.52ms)
  ✔ heartbeat sweep terminates non-responsive ws (0.3946ms)
  ✔ heartbeat sweep pings alive ws and marks isAlive false (0.3646ms)
✔ ConnectionManager heartbeat (18.558ms)
▶ FinalResultsScreen — ranking display (FR-017)
  ✖ renders a row for each player in finalRanking
  ✖ renders Alice in the ranking display
  ✖ renders Bob in the ranking display
  ✖ renders Carol in the ranking display
✖ FinalResultsScreen — ranking display (FR-017) (0.6141ms)
▶ FinalResultsScreen — ranking order is descending by score (FR-017)
  ✖ first ranking row is the highest scorer (1020 points)
  ✖ second ranking row is the second-highest scorer (650 points)
  ✖ third ranking row is the lowest scorer (330 points)
  ✖ ranking rows show cumulativeScore values in descending order (no re-sorting needed)
✖ FinalResultsScreen — ranking order is descending by score (FR-017) (0.1257ms)
▶ FinalResultsScreen — ranking row shows nickname and score (FR-017)
  ✖ ranking row contains both nickname and cumulativeScore
✖ FinalResultsScreen — ranking row shows nickname and score (FR-017) (0.3461ms)
▶ FinalResultsScreen — winner highlight (FR-017)
  ✖ the row with isWinner: true has a .final-results__ranking-row--winner class
  ✖ winner row contains the winner nickname
  ✖ non-winner rows do NOT have .final-results__ranking-row--winner class
  ✖ winner row matches winnerNickname from finalResults
✖ FinalResultsScreen — winner highlight (FR-017) (0.137ms)
▶ FinalResultsScreen — history table rendering (FR-017)
  ✖ renders a row for each round in history
  ✖ history row shows roundNumber
  ✖ history row shows declarerNickname
  ✖ history row shows bid value
  ✖ history row shows per-player delta and cumulativeAfter values
  ✖ each history row contains data for all players in that round
✖ FinalResultsScreen — history table rendering (FR-017) (0.1263ms)
▶ FinalResultsScreen — back to lobby button (FR-017)
  ✖ renders .final-results__back-btn
  ✖ .final-results__back-btn text indicates Back or Lobby
  ✖ clicking .final-results__back-btn calls onBackToLobby()
  ✖ onBackToLobby is not called before the button is clicked
✖ FinalResultsScreen — back to lobby button (FR-017) (0.1152ms)
▶ FinalResultsScreen — unmount cleanup
  ✖ after unmount(), the DOM contains no ranking rows
  ✖ after unmount(), the DOM contains no history rows
  ✖ after unmount(), the back button is removed
  ✖ unmount() clears the container DOM
✖ FinalResultsScreen — unmount cleanup (0.0768ms)
▶ Game.constructor — initial state (T057)
  ✔ creates a Game with correct gameId, seatOrder, dealerSeat (6.2357ms)
  ✔ initializes currentRoundNumber to 1 (0.4344ms)
  ✔ initializes cumulativeScores with all seats at 0 (0.3952ms)
  ✔ initializes barrelState with all seats having onBarrel=false, barrelRoundsUsed=0 (10.693ms)
  ✔ initializes consecutiveZeros with all seats at 0 (0.5157ms)
  ✔ initializes continuePresses as an empty Set (7.9489ms)
  ✔ initializes history as an empty array (0.4947ms)
  ✔ initializes gameStatus to "in-progress" (0.6424ms)
✔ Game.constructor — initial state (T057) (35.4846ms)
▶ Game.applyRoundEnd — single round (T057)
  ✔ mutates cumulativeScores by adding each delta to the corresponding seat (3.8057ms)
  ✔ appends the summaryEntry to history (1.0294ms)
  ✔ returns the updated cumulativeScores (0.4798ms)
  ✔ allows negative deltas resulting in negative cumulative scores (0.3812ms)
✔ Game.applyRoundEnd — single round (T057) (6.9292ms)
▶ Game.recordContinuePress (T057)
  ✔ adds a seat to continuePresses (0.5381ms)
  ✔ is idempotent: second call with same seat is a no-op (2.8836ms)
  ✔ allows multiple different seats (0.3242ms)
  ✔ short-circuits if gameStatus is not "in-progress" (0.2163ms)
✔ Game.recordContinuePress (T057) (4.5197ms)
▶ Game.startNextRound (T057)
  ✔ increments currentRoundNumber (0.4258ms)
  ✔ rotates dealerSeat clockwise: (old + 1) % 3 (0.2129ms)
  ✔ wraps dealerSeat from 2 back to 0 (0.2688ms)
  ✔ clears continuePresses to an empty Set (0.3266ms)
  ✔ does NOT reset cumulativeScores (carry-over) (0.4573ms)
✔ Game.startNextRound (T057) (2.2185ms)
▶ Game multiround simulation — FR-016, FR-029, R-002, R-007 (T057)
  ✔ R-002: same Game instance across 3 rounds (not recreated) (0.6007ms)
  ✔ R-007: no purge on play_phase_ready path — game record survives round boundaries (0.4634ms)
  ✔ dealer rotates correctly across 3 rounds: 0 → 1 → 2 → 0 (0.3687ms)
  ✔ cumulative carry-over with negative deltas: 100 → -50 → 30 (0.3984ms)
  ✔ history accumulates across rounds with game object unchanged (0.3848ms)
✔ Game multiround simulation — FR-016, FR-029, R-002, R-007 (T057) (2.6846ms)
▶ GameScreen.gating — Declarer deciding: declarer sees full controls (FR-026)
  ✔ declarer (viewerIsActive) gets DeclarerDecisionControls created (75.9315ms)
  ✔ declarer controls are not hidden (mode = full) (25.7799ms)
  ✔ Sell button is enabled and Start button is enabled in full mode (50.7544ms)
✔ GameScreen.gating — Declarer deciding: declarer sees full controls (FR-026) (156.9584ms)
▶ GameScreen.gating — Declarer deciding: opponents see .waiting div (FR-026)
  ✔ non-declarer gets no DeclarerDecisionControls (34.5044ms)
  ✔ non-declarer sees a .waiting div with the declarer's nickname (17.1365ms)
  ✔ seat 2 opponent also renders .waiting and no controls (8.5423ms)
✔ GameScreen.gating — Declarer deciding: opponents see .waiting div (FR-026) (60.938ms)
▶ GameScreen.gating — Declarer deciding: 3 failed attempts disables Sell (FR-018)
  ✔ sellAttempt === 3 sets mode to sell-disabled (8.4089ms)
  ✔ Sell button is disabled and Start button is still operable when sellAttempt === 3 (4.8851ms)
✔ GameScreen.gating — Declarer deciding: 3 failed attempts disables Sell (FR-018) (14.0032ms)
▶ GameScreen.gating — controls swap correctly across phase transitions
  ✔ switching from Bidding to Declarer deciding replaces BidControls with DeclarerDecisionControls (27.0121ms)
  ✔ .waiting text updates when the declarer seat changes (45.8209ms)
✔ GameScreen.gating — controls swap correctly across phase transitions (73.382ms)
▶ HandView — FR-005 sort order (♣→♠→♥→♦, 9→A within each suit)
  ✔ setHand renders cards in left-to-right suit-then-rank order (109.1853ms)
  ✔ suits are ordered ♣ < ♠ < ♥ < ♦ (5.4023ms)
  ✔ ranks within a suit are ordered 9 < 10 < J < Q < K < A (2.5073ms)
  ✔ re-sorting on a second setHand call replaces old content (7.2173ms)
  ✔ setHand with an empty array clears the container (1.5802ms)
✔ HandView — FR-005 sort order (♣→♠→♥→♦, 9→A within each suit) (128.5894ms)
▶ IdentityStore
  ✔ save() writes correct JSON to localStorage (291.1871ms)
  ✔ load() returns parsed object after save() (29.3682ms)
  ✔ load() returns {} on missing key (22.8204ms)
  ✔ load() returns {} on corrupted JSON (25.9447ms)
  ✔ clear() removes the key (29.4768ms)
  ✔ save() overwrites previous value (37.1248ms)
  ✔ save() swallows QuotaExceededError and returns false (117.3274ms)
  ✔ save() returns true on success (32.9165ms)
✔ IdentityStore (588.9311ms)
▶ MarriageDeclarationPrompt.canOffer — trickNumber must be in [2, 6]
  ✔ returns false for trickNumber 1 (6.6613ms)
  ✔ returns false for trickNumber 7 (0.5411ms)
  ✔ returns false for trickNumber 8 (0.3976ms)
✔ MarriageDeclarationPrompt.canOffer — trickNumber must be in [2, 6] (16.0632ms)
▶ MarriageDeclarationPrompt.canOffer — hand must have at least 3 cards
  ✔ returns false when hand.length === 2 (K♥ and Q♥ only) (0.4035ms)
✔ MarriageDeclarationPrompt.canOffer — hand must have at least 3 cards (0.9084ms)
▶ MarriageDeclarationPrompt.canOffer — hand must contain K and Q of same suit
  ✔ returns false when hand has K♥ but not Q♥ (9.2532ms)
  ✔ returns false when hand has Q♥ but not K♥ (0.7675ms)
  ✔ returns false when hand has K♥ and Q♣ (different suits) (18.7144ms)
✔ MarriageDeclarationPrompt.canOffer — hand must contain K and Q of same suit (29.7977ms)
▶ MarriageDeclarationPrompt.canOffer — true when all conditions met
  ✔ returns true: K♥, Q♥, one other card, trickNumber 2 (1.2812ms)
  ✔ returns true: K♣, Q♣, two other cards, trickNumber 6 (0.5615ms)
✔ MarriageDeclarationPrompt.canOffer — true when all conditions met (2.4105ms)
▶ MarriageDeclarationPrompt — "Declare and play" calls sendPlayCard with declareMarriage:true
  ✔ clicking "Declare and play" calls dispatcher.sendPlayCard(cardId, { declareMarriage: true }) (45.7383ms)
✔ MarriageDeclarationPrompt — "Declare and play" calls sendPlayCard with declareMarriage:true (45.9719ms)
▶ MarriageDeclarationPrompt — "Play without declaring" calls sendPlayCard with no extra opts
  ✔ clicking "Play without declaring" calls dispatcher.sendPlayCard(cardId) with no opts (21.2394ms)
✔ MarriageDeclarationPrompt — "Play without declaring" calls sendPlayCard with no extra opts (21.4574ms)
▶ MarriageDeclarationPrompt — "Cancel" makes no dispatcher call and hides the prompt
  ✔ clicking "Cancel" does not call sendPlayCard (3.6045ms)
  ✔ clicking "Cancel" hides the prompt (11.6027ms)
✔ MarriageDeclarationPrompt — "Cancel" makes no dispatcher call and hides the prompt (15.5896ms)
▶ MarriageDeclarationPrompt — show() and hide() API
  ✔ show() renders buttons inside the element (3.4292ms)
  ✔ hide() removes or conceals the prompt content (2.1088ms)
  ✔ show() surfaces the suit in the rendered content (1.3786ms)
  ✔ show() surfaces the bonus in the rendered content (1.2962ms)
✔ MarriageDeclarationPrompt — show() and hide() API (8.6601ms)
▶ RateLimiter
  ✔ allows requests within the limit (1.7652ms)
  ✔ returns false when limit exceeded (0.5056ms)
  ✔ cleanup removes expired entries (21.6784ms)
✔ RateLimiter (27.3591ms)
▶ Round.bidding — initial state
  ✔ currentHighBid starts as null (data-model.md) (13.743ms)
  ✔ P1 (seat 1, clockwise-left of Dealer) is the first bidder per FR-004 (0.5649ms)
✔ Round.bidding — initial state (18.2206ms)
▶ Round.bidding — first bid validation
  ✔ 100 is accepted as the first bid (floor when currentHighBid is null) (0.952ms)
  ✔ 105 is accepted as the first bid (1.182ms)
  ✔ 300 is accepted as the first bid (cap) (0.8915ms)
  ✔ 99 is rejected (below 100 floor) (0.548ms)
  ✔ 107 is rejected (not a multiple of 5) (0.4573ms)
  ✔ 305 is rejected (above the 300 cap) (0.7426ms)
✔ Round.bidding — first bid validation (5.8022ms)
▶ Round.bidding — subsequent bid validation
  ✔ a repeat bid of 100 after a prior 100 is rejected (smallest legal is now 105) (0.9054ms)
  ✔ 105 is accepted after a prior 100 (0.7592ms)
  ✔ 300 is accepted after a prior 100 (0.7382ms)
  ✔ once currentHighBid reaches 300, any further bid is rejected (0.6634ms)
  ✔ Pass is accepted when currentHighBid is 300 (0.5461ms)
✔ Round.bidding — subsequent bid validation (4.3304ms)
▶ Round.bidding — turn rotation with passes
  ✔ passing adds the seat to passedBidders (0.3682ms)
  ✔ passed bidders are skipped in clockwise rotation (0.5491ms)
  ✔ bidHistory records passes as { seat, amount: null } (0.251ms)
✔ Round.bidding — turn rotation with passes (1.5002ms)
▶ Round.bidding — all-pass resolution (FR-011)
  ✔ dealer becomes declarer at 100 when P1 and P2 both pass (all-pass scenario) (0.3305ms)
✔ Round.bidding — all-pass resolution (FR-011) (0.4817ms)
▶ Round.bidding — last-bidder-remaining resolution (FR-010)
  ✔ sole surviving non-passed bidder becomes declarer at the current high bid (0.392ms)
  ✔ sole survivor via submitBid (3 players, 2 already passed) (0.365ms)
✔ Round.bidding — last-bidder-remaining resolution (FR-010) (0.9516ms)
▶ Round.bidding — turn rotation skips passed players after a bid
  ✔ bid rotates to the next non-passed seat, skipping any passed seat in between (0.2912ms)
✔ Round.bidding — turn rotation skips passed players after a bid (0.4703ms)
▶ Round.cardexchange — declarer can pass a card to each non-declarer seat (FR-002)
  ✔ first pass to seat 1 is accepted (28.1247ms)
  ✔ first pass to seat 2 is accepted (7.864ms)
✔ Round.cardexchange — declarer can pass a card to each non-declarer seat (FR-002) (52.2605ms)
▶ Round.cardexchange — non-declarer cannot submit a pass (FR-003)
  ✔ seat 1 (non-declarer) pass attempt is rejected (1.0618ms)
  ✔ seat 2 (non-declarer) pass attempt is rejected (0.6221ms)
✔ Round.cardexchange — non-declarer cannot submit a pass (FR-003) (4.333ms)
▶ Round.cardexchange — card must be in declarer's hand (FR-002)
  ✔ card not in declarer hand is rejected (0.5157ms)
✔ Round.cardexchange — card must be in declarer's hand (FR-002) (0.7928ms)
▶ Round.cardexchange — destSeat must be a non-declarer seat (FR-002)
  ✔ passing to own seat (declarerSeat) is rejected (0.6157ms)
✔ Round.cardexchange — destSeat must be a non-declarer seat (FR-002) (0.9987ms)
▶ Round.cardexchange — same destSeat cannot be used twice (FR-003)
  ✔ using the same destSeat twice in one round is rejected (0.5602ms)
✔ Round.cardexchange — same destSeat cannot be used twice (FR-003) (0.9516ms)
▶ Round.cardexchange — second pass completes exchange and transitions phase (FR-003)
  ✔ after two passes exchangePassesCommitted === 2 (0.7261ms)
  ✔ after two passes phase transitions to "trick-play" (0.498ms)
  ✔ after two passes trickNumber is 1 (0.6437ms)
  ✔ after two passes currentTrickLeaderSeat is the declarerSeat (0.4713ms)
  ✔ after two passes currentTurnSeat is the declarerSeat (0.3269ms)
  ✔ first pass does not yet transition phase (still card-exchange) (0.2902ms)
✔ Round.cardexchange — second pass completes exchange and transitions phase (FR-003) (3.7272ms)
▶ Round.cardexchange — second pass is restricted to the remaining opponent (FR-003)
  ✔ after passing to seat 1, passing to seat 1 again is rejected; seat 2 succeeds (1.0579ms)
✔ Round.cardexchange — second pass is restricted to the remaining opponent (FR-003) (3.3885ms)
▶ Round.cardexchange — card moves from declarer hand to recipient hand (FR-002)
  ✔ passed card is removed from declarer hand and added to recipient hand (1.1262ms)
✔ Round.cardexchange — card moves from declarer hand to recipient hand (FR-002) (1.3322ms)
▶ Round.deal — deck contents
  ✔ deck has exactly 24 cards covering all rank×suit combinations (5.0557ms)
  ✔ each card has a unique numeric id equal to its deck index (0–23) (0.7341ms)
✔ Round.deal — deck contents (9.148ms)
▶ Round.deal — hand and talon sizes
  ✔ each player gets exactly 7 cards and the talon gets exactly 3 (0.5772ms)
  ✔ all 24 card ids appear exactly once across hands and talon (2.7895ms)
✔ Round.deal — hand and talon sizes (3.913ms)
▶ Round.deal — FR-002 deal sequence (24-step interleaved pattern)
  ✔ steps 0–11: seat1 → seat2 → seat0 → talon (4-step repeat) (0.7582ms)
  ✔ steps 12–23: seat1 → seat2 → seat0 (3-step repeat, no talon) (0.497ms)
  ✔ talon receives exactly 3 cards at steps 3, 7, 11 (0.6065ms)
  ✔ talon card ids match the ids delivered at steps 3, 7, 11 (0.4666ms)
✔ Round.deal — FR-002 deal sequence (24-step interleaved pattern) (2.9916ms)
▶ Round.disconnect.play — (1a) active player disconnect pauses trick-play
  ✔ markDisconnected(currentTurnSeat) sets isPausedByDisconnect = true during trick-play (35.7458ms)
  ✔ playCard from the active seat is rejected while isPausedByDisconnect is true (4.1307ms)
  ✔ playCard from a non-active seat is also rejected (not their turn) while paused (0.5125ms)
  ✔ markReconnected(active seat) clears pause and allows playCard (1.424ms)
✔ Round.disconnect.play — (1a) active player disconnect pauses trick-play (44.5774ms)
▶ Round.disconnect.play — (1b) non-active player disconnect does NOT pause trick-play
  ✔ markDisconnected(non-active seat) leaves isPausedByDisconnect false (0.9624ms)
  ✔ active player can still play after a non-active player disconnects (0.5625ms)
  ✔ disconnectedSeats tracks the non-active disconnected seat (0.4369ms)
✔ Round.disconnect.play — (1b) non-active player disconnect does NOT pause trick-play (2.5722ms)
▶ Round.disconnect.play — (2) round-summary sticky Continue press (mock)
  ✔ recordContinuePress persists across a simulated disconnect (0.4624ms)
  ✔ press still counts toward "all 3" after reconnect (0.4026ms)
✔ Round.disconnect.play — (2) round-summary sticky Continue press (mock) (1.2664ms)
▶ Round.disconnect.play — (3) R-006 ordering A: third press while disconnected player is in grace
  ✔ third Continue press lands while grace is still running → game stays in-progress (0.948ms)
  ✔ disconnectedSeats.has(0) + continuePresses.has(0) = sticky press while in grace (0.2958ms)
✔ Round.disconnect.play — (3) R-006 ordering A: third press while disconnected player is in grace (1.6043ms)
▶ Round.disconnect.play — (4) R-006 ordering B: grace expires before third press → aborted
  ✔ grace expiry sets gameStatus to aborted before third press arrives (0.9437ms)
  ✔ recorded Continue press from seat 0 is irrelevant once grace expires (0.2882ms)
  ✔ ordering contrast: grace expires AFTER third press does not abort (0.4725ms)
✔ Round.disconnect.play — (4) R-006 ordering B: grace expires before third press → aborted (2.0626ms)
▶ Round.disconnect — (a) active-player disconnect pauses round
  ✔ markDisconnected(currentTurnSeat) sets isPausedByDisconnect = true (6.0207ms)
  ✔ submitBid from the active seat is rejected while isPausedByDisconnect is true (3.4333ms)
  ✔ submitPass from the active seat is rejected while isPausedByDisconnect is true (0.6169ms)
  ✔ markReconnected(activePlayer) clears the pause and allows actions again (0.5807ms)
✔ Round.disconnect — (a) active-player disconnect pauses round (13.5379ms)
▶ Round.disconnect — (b) non-active-player disconnect does not pause round
  ✔ markDisconnected(non-active seat) leaves isPausedByDisconnect false (0.5499ms)
  ✔ active player can still bid after a non-active player disconnects (0.5613ms)
  ✔ disconnectedSeats tracks the non-active disconnected seat (1.7603ms)
✔ Round.disconnect — (b) non-active-player disconnect does not pause round (4.522ms)
▶ Round.disconnect — (c1) active-player grace expiry aborts round
  ✔ grace expiry on active player broadcasts round_aborted with correct fields (32.0273ms)
✔ Round.disconnect — (c1) active-player grace expiry aborts round (32.7595ms)
▶ Round.disconnect — (c2) non-active-player grace expiry also aborts round
  ✔ grace expiry on non-active player broadcasts round_aborted and cleans up (32.1803ms)
✔ Round.disconnect — (c2) non-active-player grace expiry also aborts round (32.6541ms)
▶ Round.disconnect — (d) hello after cleanup returns restored=true, gameId=null
  ✔ a remaining player hello after grace expiry cleanup gets restored:true, gameId:null, no snapshot (30.9902ms)
✔ Round.disconnect — (d) hello after cleanup returns restored=true, gameId=null (31.4902ms)
▶ Round.disconnect — (e) paused round: action_rejected to sender only, no phase_changed
  ✔ bid from non-active player while round is paused produces action_rejected to sender only (47.9794ms)
  ✔ active player can bid again after reconnect clears the pause (8.6437ms)
✔ Round.disconnect — (e) paused round: action_rejected to sender only, no phase_changed (56.9645ms)
▶ Round.gating — wrong-turn rejection
  ✔ submitBid from a non-currentTurnSeat returns rejected with a reason (4.6183ms)
  ✔ submitPass from a non-currentTurnSeat is rejected (2.0521ms)
✔ Round.gating — wrong-turn rejection (13.7104ms)
▶ Round.gating — dealing phase
  ✔ submitBid during dealing phase is rejected (0.9856ms)
  ✔ submitPass during dealing phase is rejected (0.4352ms)
  ✔ submitBid succeeds after advanceFromDealingToBidding (0.5974ms)
  ✔ advanceFromDealingToBidding is idempotent — calling twice does not reset turn (0.7539ms)
✔ Round.gating — dealing phase (15.1281ms)
▶ Round.gating — post-resolution
  ✔ submitBid is rejected after the round resolves to a declarer (0.9093ms)
  ✔ submitPass is rejected after the round resolves (0.5403ms)
✔ Round.gating — post-resolution (1.9454ms)
▶ Round.marriage — timing restrictions (FR-009)
  ✔ rejects declareMarriage on trick 1 (6.7128ms)
  ✔ rejects declareMarriage on trick 7 (3.3744ms)
  ✔ rejects declareMarriage on trick 8 (9.5545ms)
  ✔ rejects declareMarriage when caller is not the current trick leader (0.9644ms)
  ✔ rejects declareMarriage when trick is already in progress (not leading) (1.0365ms)
✔ Round.marriage — timing restrictions (FR-009) (27.6371ms)
▶ Round.marriage — successful declaration (FR-010)
  ✔ accepts declareMarriage when player holds K+Q of same suit on trick 2 (2.0013ms)
  ✔ accepts declareMarriage on trick 6 (last valid trick) (0.7955ms)
  ✔ successful declaration appends to declaredMarriages with correct fields (1.436ms)
  ✔ successful declaration sets currentTrumpSuit to the declared suit (0.8842ms)
  ✔ return value includes rejected:false, suit, bonus, and newTrumpSuit (0.7409ms)
  ✔ rejects when player holds K but not Q of that suit (0.4448ms)
  ✔ rejects when player holds Q but not K of that suit (0.7309ms)
  ✔ rejects when the declared card is not K or Q (0.3918ms)
✔ Round.marriage — successful declaration (FR-010) (12.7127ms)
▶ Round.marriage — play-without-declaring (FR-011)
  ✔ playing K without declaring marriage does not change currentTrumpSuit (1.0325ms)
  ✔ playing K without declaring marriage leaves declaredMarriages empty (1.1654ms)
  ✔ playing Q without declaring marriage leaves declaredMarriages empty (0.6303ms)
✔ Round.marriage — play-without-declaring (FR-011) (3.201ms)
▶ Round.marriage — stacking and trump replacement (FR-012)
  ✔ two marriages by the same player both appear in declaredMarriages (0.6025ms)
  ✔ both marriage bonuses accumulate in declaredMarriages (1.1236ms)
  ✔ second marriage declaration replaces currentTrumpSuit with the new suit (0.8062ms)
  ✔ most-recent declaration wins for trump: second suit supersedes first (0.6067ms)
✔ Round.marriage — stacking and trump replacement (FR-012) (3.6425ms)
▶ RoundActionHandler rate limiting — FR-030 (250 ms / 1 req window)
  ✔ second handleBid within 250 ms from the same player is silently dropped (no broadcast, no action_rejected) (8.1075ms)
  ✔ second handlePass within 250 ms from the same player is silently dropped (1.2621ms)
  ✔ a second message from a DIFFERENT player is not rate-limited (2.8334ms)
  ✔ rate-limited drop does not emit action_rejected to the sender (0.6921ms)
✔ RoundActionHandler rate limiting — FR-030 (250 ms / 1 req window) (18.387ms)
▶ Round.selling — commitSellSelection validation (FR-029)
  ✔ rejects when fewer than 3 cards are provided (43.0156ms)
  ✔ rejects when more than 3 cards are provided (0.6722ms)
  ✔ rejects when the selection contains duplicate card ids (3.9511ms)
  ✔ rejects when a card id is not in the declarer's hand (0.5572ms)
  ✔ accepts exactly 3 distinct in-hand cards and transitions to selling-bidding (3.368ms)
✔ Round.selling — commitSellSelection validation (FR-029) (55.7764ms)
▶ Round.selling — duplicate-attempt guard (FR-016)
  ✔ rejects a selection set that was already exposed in a prior attempt (2.2226ms)
  ✔ accepts a different selection set on a second attempt (0.9095ms)
✔ Round.selling — duplicate-attempt guard (FR-016) (3.8455ms)
▶ Round.selling — submitSellBid restrictions (FR-015)
  ✔ rejects a sell bid from the declarer (1.2616ms)
  ✔ opponent rotation starts clockwise-left of the declarer (FR-015) (1.0214ms)
  ✔ accepts a valid bid from the first opponent (0.8535ms)
  ✔ turn advances to the next opponent after a bid (0.4455ms)
✔ Round.selling — submitSellBid restrictions (FR-015) (4.1657ms)
▶ Round.selling — returned outcome (FR-016)
  ✔ cards return to declarer and attemptCount increments when both opponents pass (0.5561ms)
  ✔ attemptHistory records the returned entry with the exposed card ids (0.4182ms)
  ✔ currentTurnSeat is restored to the declarerSeat after a return (0.3431ms)
✔ Round.selling — returned outcome (FR-016) (1.6942ms)
▶ Round.selling — sold outcome (FR-017)
  ✔ buyer (seat 1) becomes new declarer with 10 cards; old declarer keeps 7 (0.8583ms)
  ✔ exposedSellCards is cleared after a sale (0.4882ms)
  ✔ attemptHistory records the sold entry (0.655ms)
  ✔ sold outcome via first-passing second-bidding path: seat 1 passes then seat 2 bids (1.9186ms)
✔ Round.selling — sold outcome (FR-017) (4.6105ms)
▶ Round.selling — 3-attempt exhaustion (FR-018)
  ✔ startSelling is rejected after 3 failed (returned) attempts (3.8115ms)
  ✔ startSelling on the new declarer is rejected after a successful sale (18.9281ms)
✔ Round.selling — 3-attempt exhaustion (FR-018) (25.6634ms)
▶ Round.selling — cancelSelling (T060)
  ✔ cancelSelling returns to post-bid-decision without incrementing attemptCount (0.6532ms)
  ✔ cancelSelling from a non-declarer is rejected (0.5412ms)
  ✔ cancelSelling outside selling-selection phase is rejected (0.8994ms)
✔ Round.selling — cancelSelling (T060) (2.686ms)
▶ Round.trickplay — leading player may play any card (FR-006)
  ✔ declarer (leader) can play any card from hand to start a trick (7.3593ms)
  ✔ playing a card removes it from the leader's hand (2.7821ms)
✔ Round.trickplay — leading player may play any card (FR-006) (13.7216ms)
▶ Round.trickplay — follow-suit enforcement (FR-007)
  ✔ following player who holds led suit MUST follow suit — off-suit card is rejected (1.1025ms)
  ✔ following player who holds led suit CAN play any card of that suit (0.4977ms)
  ✔ following player who holds NO card of led suit may play any card (0.5388ms)
✔ Round.trickplay — follow-suit enforcement (FR-007) (2.6095ms)
▶ Round.trickplay — trick winner determination (FR-008 / R-003)
  ✔ Ten beats King of same suit (no trump) (1.0817ms)
  ✔ Ten beats Queen of same suit (no trump) (0.7722ms)
  ✔ Ace beats Ten of same suit (no trump) (0.7527ms)
  ✔ highest card of led suit wins when no trump played (1.1536ms)
  ✔ off-suit non-trump cards do not beat led suit (0.829ms)
✔ Round.trickplay — trick winner determination (FR-008 / R-003) (5.4181ms)
▶ Round.trickplay — trick resolution (FR-008)
  ✔ after all 3 cards played, currentTrick is cleared (0.8703ms)
  ✔ winner receives all 3 card ids in collectedTricks (0.6458ms)
  ✔ trickNumber increments after each resolved trick (0.5209ms)
  ✔ winner of a trick becomes the next leader (currentTrickLeaderSeat) (0.3648ms)
✔ Round.trickplay — trick resolution (FR-008) (2.944ms)
▶ Round.trickplay — phase transition after trick 8 (FR-008)
  ✔ after trick 8 resolves phase becomes "round-summary" (0.9343ms)
✔ Round.trickplay — phase transition after trick 8 (FR-008) (1.1282ms)
▶ Round.trickplay — out-of-turn play is rejected
  ✔ a card played by the wrong seat is rejected (0.3744ms)
✔ Round.trickplay — out-of-turn play is rejected (0.5387ms)
▶ RoundSummaryScreen — made bid indicator (FR-015)
  ✔ renders .round-summary__made-indicator when declarerMadeBid is true (43.8555ms)
  ✔ .round-summary__made-indicator contains "Made" text when declarerMadeBid is true (9.8611ms)
  ✔ no .round-summary__missed-indicator when declarerMadeBid is true (5.2703ms)
✔ RoundSummaryScreen — made bid indicator (FR-015) (60.7478ms)
▶ RoundSummaryScreen — missed bid indicator (FR-015)
  ✔ renders .round-summary__missed-indicator when declarerMadeBid is false (7.3934ms)
  ✔ .round-summary__missed-indicator contains "Missed" text when declarerMadeBid is false (14.1471ms)
  ✔ no .round-summary__made-indicator when declarerMadeBid is false (14.6907ms)
✔ RoundSummaryScreen — missed bid indicator (FR-015) (37.2909ms)
▶ RoundSummaryScreen — player nicknames shown (FR-015)
  ✔ Alice's nickname appears in the rendered output (8.5051ms)
  ✔ Bob's nickname appears in the rendered output (6.0335ms)
  ✔ Carol's nickname appears in the rendered output (4.6842ms)
  ✔ all three player nicknames appear in the rendered output (6.9282ms)
✔ RoundSummaryScreen — player nicknames shown (FR-015) (27.4332ms)
▶ RoundSummaryScreen — back to lobby button shown (FR-015)
  ✔ renders .round-summary__back-btn when victoryReached is false (4.2424ms)
  ✔ .round-summary__back-btn text indicates Back to Lobby (3.472ms)
  ✔ no .round-summary__next-btn when victoryReached is false (US1 scope: no next round) (4.5304ms)
✔ RoundSummaryScreen — back to lobby button shown (FR-015) (12.8288ms)
▶ RoundSummaryScreen — clicking back btn calls onBackToLobby (FR-015)
  ✔ clicking .round-summary__back-btn calls onBackToLobby() (6.2495ms)
  ✔ onBackToLobby is not called before the button is clicked (7.0883ms)
  ✔ onBackToLobby is called exactly once per click (14.3475ms)
✔ RoundSummaryScreen — clicking back btn calls onBackToLobby (FR-015) (28.416ms)
▶ Scoring — CARD_POINT_VALUE constants (FR-013)
  ✔ A is worth 11 (1.7427ms)
  ✔ 10 is worth 10 (0.334ms)
  ✔ K is worth 4 (0.2702ms)
  ✔ Q is worth 3 (0.3251ms)
  ✔ J is worth 2 (0.3339ms)
  ✔ 9 is worth 0 (0.3501ms)
✔ Scoring — CARD_POINT_VALUE constants (FR-013) (5.8605ms)
▶ Scoring.cardPoints — FR-013
  ✔ empty array returns 0 (4.0705ms)
  ✔ single Ace returns 11 (0.5997ms)
  ✔ single Ten returns 10 (2.1955ms)
  ✔ single 9 returns 0 (0.3934ms)
  ✔ A + K + Q + J + 10 + 9 sums to 30 (0.2134ms)
  ✔ all 24 cards sum to 120 (4 suits × 30) (0.3261ms)
✔ Scoring.cardPoints — FR-013 (9.0769ms)
▶ Scoring.roundScores — FR-013
  ✔ returns 0 for all seats when collectedTricks are empty and no marriages (2.7371ms)
  ✔ seat with an Ace (id 5) scores 11 (0.3238ms)
  ✔ seat with a Ten (id 1) scores 10 (0.1868ms)
  ✔ all 24 card ids summed across all seats equals 120 (0.1933ms)
  ✔ declaredMarriage in ♣ adds 100 bonus to the declaring seat (0.249ms)
  ✔ declaredMarriage in ♥ adds 60 bonus to the declaring seat (0.2212ms)
  ✔ declaredMarriage in ♠ adds 80 bonus to the declaring seat (0.1993ms)
  ✔ multiple marriages on different seats accumulate independently (0.2044ms)
✔ Scoring.roundScores — FR-013 (4.8268ms)
▶ Scoring.roundDeltas — FR-014
  ✔ declarer receives +bid when roundScore meets the bid (0.5069ms)
  ✔ declarer receives +bid when roundScore exceeds the bid (0.2018ms)
  ✔ declarer receives -bid when roundScore is below the bid (0.1853ms)
  ✔ each opponent receives their own roundScore as delta (0.2454ms)
  ✔ opponent delta equals their card-point total (not bid amount) (0.2285ms)
  ✔ empty penalties array does not change the result (1.8291ms)
  ✔ declarerSeat=2 correctly identifies seat 2 as declarer and seats 0,1 as opponents (0.2985ms)
✔ Scoring.roundDeltas — FR-014 (4.2112ms)
▶ Scoring.determineWinner — FR-017
  ✔ single winner: seat 0 with 1100 beats 500 and 300 (0.7323ms)
  ✔ single winner: seat 2 with 1050 beats 300 and 450 (0.3161ms)
  ✔ tie at top: declarer (seat 1) among tied (0:1000, 1:1000, 2:300) wins (0.2592ms)
  ✔ tie at top: declarer NOT among tied, seat-order fallback (dealerSeat=0, P1=1 beats P2=2) (0.2188ms)
  ✔ three-way tie (all 1000): declarer (seat 2) among tied wins (0.2934ms)
  ✔ tie at top: declarer NOT among tied, seat-order fallback (dealerSeat=2, P1=0 loses, P2=1 wins over Dealer=2) (0.2745ms)
  ✔ tie at top: declarer (dealer=seat 0) NOT among tied, Dealer loses to P2 (dealerSeat=0, P1=1, P2=2, declarer=0) (0.3511ms)
✔ Scoring.determineWinner — FR-017 (2.9673ms)
▶ Scoring.buildFinalResults — FR-017
  ✔ builds finalRanking with all 3 seats sorted descending by score (0.6597ms)
  ✔ marks the winner with isWinner: true (0.2609ms)
  ✔ returns winnerSeat and winnerNickname from determineWinner (0.2272ms)
  ✔ includes history pass-through from game (0.291ms)
✔ Scoring.buildFinalResults — FR-017 (1.7523ms)
▶ SellSelectionControls — Sell button state by selection count
  ✔ Sell is disabled when 0 cards are selected (24.4146ms)
  ✔ Sell is disabled when 1 card is selected (5.1665ms)
  ✔ Sell is disabled when 2 cards are selected (3.1511ms)
  ✔ Sell is enabled when exactly 3 cards are selected (4.5783ms)
  ✔ Sell is disabled when 4 cards are selected (2.6136ms)
  ✔ Sell is disabled when 5 cards are selected (4.8153ms)
  ✔ counter text reflects the current selection count (3.2677ms)
  ✔ counter text shows 3 / 3 when 3 are selected (9.6154ms)
✔ SellSelectionControls — Sell button state by selection count (65.4162ms)
▶ SellSelectionControls — Cancel is always clickable
  ✔ Cancel is not disabled after show() (4.856ms)
  ✔ Cancel is not disabled even when 0 cards are selected (8.7362ms)
  ✔ Cancel is not disabled when Sell is disabled (e.g. 2 selected) (3.1216ms)
  ✔ clicking Cancel dispatches sendSellCancel (5.4263ms)
✔ SellSelectionControls — Cancel is always clickable (25.052ms)
▶ SellSelectionControls — Sell dispatches selected ids
  ✔ clicking Sell dispatches sendSellSelect with current 3 selected ids (3.2741ms)
  ✔ clicking Sell when fewer than 3 selected does nothing (1.5381ms)
✔ SellSelectionControls — Sell dispatches selected ids (5.5796ms)
▶ HandView — selection mode: taps toggle selected CSS class in DOM
  ✔ tapping a card adds hand-view__card--selected class (34.631ms)
  ✔ tapping the same card again removes the selected CSS class (toggle) (6.4859ms)
  ✔ tapping cards in selection mode emits selectionchanged with the current selected ids (10.8447ms)
  ✔ HandView taps reach SellSelectionControls when they share an antlion (integration) (9.4989ms)
  ✔ disabling selection mode clears the selected class on all cards (5.3613ms)
  ✔ tapping a card when selection mode is off has no effect (1.9138ms)
✔ HandView — selection mode: taps toggle selected CSS class in DOM (69.9708ms)
▶ StatusBar — trickNumber field (FR-018)
  ✔ renders "Trick 5 of 8" in .status-bar__trick-number when trickNumber is 5 (50.408ms)
  ✔ renders "Trick 1 of 8" when trickNumber is 1 (4.2096ms)
  ✔ renders "Trick 8 of 8" when trickNumber is 8 (2.2474ms)
  ✔ does not render .status-bar__trick-number when trickNumber is null (3.541ms)
  ✔ trick number element is absent when phase is Bidding (trickNumber is null) (5.6307ms)
  ✔ re-render clears trick number when trickNumber goes from 5 to null (13.1191ms)
✔ StatusBar — trickNumber field (FR-018) (81.2545ms)
▶ StatusBar — exchangePassesCommitted field (FR-018)
  ✔ renders "0/2 cards passed" in .status-bar__exchange-passes when exchangePassesCommitted is 0 (2.3725ms)
  ✔ renders "1/2 cards passed" when exchangePassesCommitted is 1 (7.7754ms)
  ✔ renders "2/2 cards passed" when exchangePassesCommitted is 2 (2.086ms)
  ✔ does not render .status-bar__exchange-passes when exchangePassesCommitted is null (1.7307ms)
  ✔ re-render clears exchange passes element when it goes from 1 to null (3.1607ms)
✔ StatusBar — exchangePassesCommitted field (FR-018) (18.1035ms)
▶ StatusBar — cumulativeScores field (FR-018)
  ✔ renders cumulative scores for all 3 seats when cumulativeScores is {0:0, 1:0, 2:0} (3.9296ms)
  ✔ renders correct values for cumulativeScores: {0: 150, 1: -50, 2: 200} (3.2357ms)
  ✔ score for seat 0 is visible and shows the correct value (5.3112ms)
  ✔ re-render updates cumulative scores correctly (2.6585ms)
  ✔ cumulativeScores zero values are shown for all seats (1.5852ms)
✔ StatusBar — cumulativeScores field (FR-018) (17.3985ms)
▶ StatusBar — phase label (FR-025)
  ✔ renders the phase string in the .status-bar__phase span (35.9874ms)
  ✔ renders Bidding phase (2.7231ms)
  ✔ renders Declarer deciding phase (1.8709ms)
  ✔ renders Round ready to play phase (1.3932ms)
  ✔ renders Round aborted phase (1.4882ms)
✔ StatusBar — phase label (FR-025) (45.46ms)
▶ StatusBar — active player framing (FR-025)
  ✔ renders "Your turn" when viewerIsActive is true (1.9917ms)
  ✔ renders "Waiting for {nickname}…" when viewerIsActive is false (4.3522ms)
  ✔ omits the turn span when activePlayer is null (1.264ms)
  ✔ renders "Your turn" for Declarer deciding phase when viewer is declarer (4.1805ms)
✔ StatusBar — active player framing (FR-025) (12.563ms)
▶ StatusBar — current high bid display (FR-025)
  ✔ shows "Bid: 100" when currentHighBid is null (opening minimum) (1.8737ms)
  ✔ shows the accepted bid value when currentHighBid is set (1.0456ms)
  ✔ shows 300 at the cap (1.164ms)
✔ StatusBar — current high bid display (FR-025) (4.4751ms)
▶ StatusBar — declarer label (FR-025)
  ✔ renders "Bid won: {nickname} ({amount})" in Declarer deciding phase (1.4665ms)
  ✔ omits bid-winner and shows bid when not in Declarer deciding phase (1.3873ms)
  ✔ omits the declarer span when declarer is null (1.4359ms)
✔ StatusBar — declarer label (FR-025) (4.8007ms)
▶ StatusBar — disconnected players list (FR-025)
  ✔ renders a "Connection lost…" indicator for each disconnected player (5.7064ms)
  ✔ renders indicators for multiple disconnected players (2.1059ms)
  ✔ omits disconnected indicators when the list is empty (0.875ms)
  ✔ re-render clears previous disconnected indicators (3.5571ms)
✔ StatusBar — disconnected players list (FR-025) (12.6804ms)
▶ StatusBar — passed players chips (FR-025)
  ✔ renders a chip for each passed player (4.7362ms)
  ✔ renders a "Passed:" label when there are passed players (2.7438ms)
  ✔ omits the passed row when passedPlayers is empty (4.4795ms)
✔ StatusBar — passed players chips (FR-025) (12.5714ms)
▶ StatusBar — sellAttempt counter (FR-025)
  ✔ renders "Attempt 1 of 3" when sellAttempt is 1 (1.2324ms)
  ✔ renders "Attempt 2 of 3" when sellAttempt is 2 (1.0105ms)
  ✔ renders "Attempt 3 of 3" when sellAttempt is 3 (0.9771ms)
  ✔ omits the attempt counter when sellAttempt is null (0.8175ms)
  ✔ shows attempt counter in Declarer deciding after a failed attempt (1.3792ms)
  ✔ omits attempt counter in Round ready to play when sellAttempt is null (1.4858ms)
  ✔ re-render clears the attempt counter when sellAttempt transitions to null (1.9912ms)
✔ StatusBar — sellAttempt counter (FR-025) (9.5936ms)
▶ StatusBar — passed opponents during Selling phase (FR-025)
  ✔ renders a chip for a sell opponent who passed (2.1296ms)
  ✔ renders chips for both sell opponents when both have passed (2.0507ms)
  ✔ omits the passed row when no sell opponents have passed (1.8894ms)
  ✔ passed row cleared on re-render when passedPlayers resets to empty (2.6761ms)
✔ StatusBar — passed opponents during Selling phase (FR-025) (9.3354ms)
▶ ThousandSocket reconnect backoff
  ✔ first reconnect schedules ~1000 ms (within ±20% jitter) (254.9837ms)
  ✔ subsequent reconnects double base delay up to 30000 cap (25.4978ms)
  ✔ successful onopen resets the attempt counter (36.3013ms)
  ✔ disconnect() prevents further reconnect scheduling (36.5716ms)
  ✔ disconnect() cancels any pending reconnect timer (17.9089ms)
  ✔ onConnect callback fires on ws.onopen (16.5939ms)
  ✔ stale onclose from a previous ws does not schedule reconnect (15.3949ms)
  ✔ connect() closes any previous open ws (15.8139ms)
  ✔ connect timeout fires close if onopen never arrives (23.6884ms)
  ✔ successful onopen cancels the connect timeout (10.6696ms)
✔ ThousandSocket reconnect backoff (459.5596ms)
▶ ThousandStore.broadcastLobbyUpdate — send isolation
  ✔ one ws.send() throwing must not skip later recipients (6.5464ms)
✔ ThousandStore.broadcastLobbyUpdate — send isolation (9.4637ms)
▶ ThousandStore.sendToPlayer — error isolation
  ✔ throwing ws.send() does not propagate to caller (0.6316ms)
✔ ThousandStore.sendToPlayer — error isolation (0.9309ms)
▶ ThousandStore.handlePlayerDisconnect grace period
  ✔ (a) does not delete player immediately — starts grace timer (3.8023ms)
  ✔ (b) reconnectPlayer within grace period restores ws, cancels timer (0.8846ms)
  ✔ (c) grace timer expiry deletes player record (33.6513ms)
  ✔ (d) grace timer expiry removes player from game (35.3241ms)
  ✔ (e) reconnectPlayer before timer fires prevents purge (38.2207ms)
✔ ThousandStore.handlePlayerDisconnect grace period (127.3128ms)
▶ ThousandStore.reconnectPlayer last-connect-wins
  ✔ sends session_replaced to live ws and closes it when player already connected (2.7714ms)
✔ ThousandStore.reconnectPlayer last-connect-wins (11.2297ms)
▶ ThousandStore.createOrRestorePlayer
  ✔ (a) unknown playerId → restored: false, new identity issued (25.2945ms)
  ✔ (b) known playerId + matching token → restored: true, nickname preserved (2.5141ms)
  ✔ (c) known playerId + wrong token → restored: false, original record unchanged (0.7801ms)
✔ ThousandStore.createOrRestorePlayer (30.3105ms)
▶ ThousandStore.createOrRestorePlayer security edge cases
  ✔ (a) valid playerId + wrong token → new identity, original record untouched (0.6395ms)
  ✔ (b) valid playerId + valid token while player in grace period → reconnect succeeds (1.1193ms)
  ✔ (c) sessionToken absent (undefined) → new identity issued (0.4528ms)
✔ ThousandStore.createOrRestorePlayer security edge cases (2.7179ms)
▶ TrickPlayView — legal cards do not have .card--disabled (FR-007)
  ✔ cards in legalCardIds do not have .card--disabled class (40.3348ms)
  ✔ a specific legal card does not have .card--disabled (7.6998ms)
✔ TrickPlayView — legal cards do not have .card--disabled (FR-007) (50.0385ms)
▶ TrickPlayView — illegal cards have .card--disabled (FR-007)
  ✔ cards not in legalCardIds have .card--disabled class (7.1268ms)
✔ TrickPlayView — illegal cards have .card--disabled (FR-007) (7.5583ms)
▶ TrickPlayView — all cards disabled when not my turn (FR-007)
  ✔ all cards have .card--disabled when isMyTurn is false (3.8426ms)
  ✔ even legal cards are disabled when isMyTurn: false (4.962ms)
✔ TrickPlayView — all cards disabled when not my turn (FR-007) (9.5556ms)
▶ TrickPlayView — collected tricks badge shows count (FR-008)
  ✔ .collected-tricks__badge shows "× N" for seat with N tricks (5.2491ms)
  ✔ badge text contains the trick count (4.4794ms)
✔ TrickPlayView — collected tricks badge shows count (FR-008) (11.0919ms)
▶ TrickPlayView — seat 0 badge shows × 3 after render (FR-008)
  ✔ after render with collectedTrickCounts: {0: 3, 1: 0, 2: 0}, seat 0 badge shows × 3 (7.6859ms)
  ✔ seat 0 badge text matches "× 3" format (3.54ms)
✔ TrickPlayView — seat 0 badge shows × 3 after render (FR-008) (11.5644ms)
Error: Uncaught [ReferenceError: requestAnimationFrame is not defined]
    at reportException (C:\projects\thousand\node_modules\jsdom\lib\jsdom\living\helpers\runtime-script-errors.js:66:24)
    at processJavaScript (C:\projects\thousand\node_modules\jsdom\lib\jsdom\living\nodes\HTMLScriptElement-impl.js:240:7)
    at HTMLScriptElementImpl._innerEval (C:\projects\thousand\node_modules\jsdom\lib\jsdom\living\nodes\HTMLScriptElement-impl.js:173:5)
    at C:\projects\thousand\node_modules\jsdom\lib\jsdom\living\nodes\HTMLScriptElement-impl.js:114:12
    at ResourceQueue.push (C:\projects\thousand\node_modules\jsdom\lib\jsdom\browser\resources\resource-queue.js:53:16)
    at HTMLScriptElementImpl._fetchInternalScript (C:\projects\thousand\node_modules\jsdom\lib\jsdom\living\nodes\HTMLScriptElement-impl.js:113:21)
    at HTMLScriptElementImpl._eval (C:\projects\thousand\node_modules\jsdom\lib\jsdom\living\nodes\HTMLScriptElement-impl.js:167:12)
    at HTMLScriptElementImpl._poppedOffStackOfOpenElements (C:\projects\thousand\node_modules\jsdom\lib\jsdom\living\nodes\HTMLScriptElement-impl.js:130:10)
    at JSDOMParse5Adapter.onItemPop (C:\projects\thousand\node_modules\jsdom\lib\jsdom\browser\parser\html.js:175:43)
    at Parser.onItemPop (C:\projects\thousand\node_modules\parse5\dist\cjs\parser\index.js:176:90) ReferenceError: requestAnimationFrame is not defined
    at Antlion._tick (http://localhost:3000/:142:5)
    at Antlion.start (http://localhost:3000/:116:12)
    at http://localhost:3000/:3758:9
    at http://localhost:3000/:3761:3
    at Script.runInContext (node:vm:149:12)
    at Object.runInContext (node:vm:301:6)
    at processJavaScript (C:\projects\thousand\node_modules\jsdom\lib\jsdom\living\nodes\HTMLScriptElement-impl.js:238:10)
    at HTMLScriptElementImpl._innerEval (C:\projects\thousand\node_modules\jsdom\lib\jsdom\living\nodes\HTMLScriptElement-impl.js:173:5)
    at C:\projects\thousand\node_modules\jsdom\lib\jsdom\living\nodes\HTMLScriptElement-impl.js:114:12
    at ResourceQueue.push (C:\projects\thousand\node_modules\jsdom\lib\jsdom\browser\resources\resource-queue.js:53:16)
Error: Uncaught [ReferenceError: requestAnimationFrame is not defined]
    at reportException (C:\projects\thousand\node_modules\jsdom\lib\jsdom\living\helpers\runtime-script-errors.js:66:24)
    at processJavaScript (C:\projects\thousand\node_modules\jsdom\lib\jsdom\living\nodes\HTMLScriptElement-impl.js:240:7)
    at HTMLScriptElementImpl._innerEval (C:\projects\thousand\node_modules\jsdom\lib\jsdom\living\nodes\HTMLScriptElement-impl.js:173:5)
    at C:\projects\thousand\node_modules\jsdom\lib\jsdom\living\nodes\HTMLScriptElement-impl.js:114:12
    at ResourceQueue.push (C:\projects\thousand\node_modules\jsdom\lib\jsdom\browser\resources\resource-queue.js:53:16)
    at HTMLScriptElementImpl._fetchInternalScript (C:\projects\thousand\node_modules\jsdom\lib\jsdom\living\nodes\HTMLScriptElement-impl.js:113:21)
    at HTMLScriptElementImpl._eval (C:\projects\thousand\node_modules\jsdom\lib\jsdom\living\nodes\HTMLScriptElement-impl.js:167:12)
    at HTMLScriptElementImpl._poppedOffStackOfOpenElements (C:\projects\thousand\node_modules\jsdom\lib\jsdom\living\nodes\HTMLScriptElement-impl.js:130:10)
    at JSDOMParse5Adapter.onItemPop (C:\projects\thousand\node_modules\jsdom\lib\jsdom\browser\parser\html.js:175:43)
    at Parser.onItemPop (C:\projects\thousand\node_modules\parse5\dist\cjs\parser\index.js:176:90) ReferenceError: requestAnimationFrame is not defined
    at Antlion._tick (http://localhost:3000/:142:5)
    at Antlion.start (http://localhost:3000/:116:12)
    at http://localhost:3000/:3758:9
    at http://localhost:3000/:3761:3
    at Script.runInContext (node:vm:149:12)
    at Object.runInContext (node:vm:301:6)
    at processJavaScript (C:\projects\thousand\node_modules\jsdom\lib\jsdom\living\nodes\HTMLScriptElement-impl.js:238:10)
    at HTMLScriptElementImpl._innerEval (C:\projects\thousand\node_modules\jsdom\lib\jsdom\living\nodes\HTMLScriptElement-impl.js:173:5)
    at C:\projects\thousand\node_modules\jsdom\lib\jsdom\living\nodes\HTMLScriptElement-impl.js:114:12
    at ResourceQueue.push (C:\projects\thousand\node_modules\jsdom\lib\jsdom\browser\resources\resource-queue.js:53:16)
▶ Lobby game-list rendering
  ✔ renders game rows when lobby_update arrives with games (487.1259ms)
Error: Uncaught [ReferenceError: requestAnimationFrame is not defined]
    at reportException (C:\projects\thousand\node_modules\jsdom\lib\jsdom\living\helpers\runtime-script-errors.js:66:24)
    at processJavaScript (C:\projects\thousand\node_modules\jsdom\lib\jsdom\living\nodes\HTMLScriptElement-impl.js:240:7)
    at HTMLScriptElementImpl._innerEval (C:\projects\thousand\node_modules\jsdom\lib\jsdom\living\nodes\HTMLScriptElement-impl.js:173:5)
    at C:\projects\thousand\node_modules\jsdom\lib\jsdom\living\nodes\HTMLScriptElement-impl.js:114:12
    at ResourceQueue.push (C:\projects\thousand\node_modules\jsdom\lib\jsdom\browser\resources\resource-queue.js:53:16)
    at HTMLScriptElementImpl._fetchInternalScript (C:\projects\thousand\node_modules\jsdom\lib\jsdom\living\nodes\HTMLScriptElement-impl.js:113:21)
    at HTMLScriptElementImpl._eval (C:\projects\thousand\node_modules\jsdom\lib\jsdom\living\nodes\HTMLScriptElement-impl.js:167:12)
    at HTMLScriptElementImpl._poppedOffStackOfOpenElements (C:\projects\thousand\node_modules\jsdom\lib\jsdom\living\nodes\HTMLScriptElement-impl.js:130:10)
    at JSDOMParse5Adapter.onItemPop (C:\projects\thousand\node_modules\jsdom\lib\jsdom\browser\parser\html.js:175:43)
    at Parser.onItemPop (C:\projects\thousand\node_modules\parse5\dist\cjs\parser\index.js:176:90) ReferenceError: requestAnimationFrame is not defined
    at Antlion._tick (http://localhost:3000/:142:5)
    at Antlion.start (http://localhost:3000/:116:12)
    at http://localhost:3000/:3758:9
    at http://localhost:3000/:3761:3
    at Script.runInContext (node:vm:149:12)
    at Object.runInContext (node:vm:301:6)
    at processJavaScript (C:\projects\thousand\node_modules\jsdom\lib\jsdom\living\nodes\HTMLScriptElement-impl.js:238:10)
    at HTMLScriptElementImpl._innerEval (C:\projects\thousand\node_modules\jsdom\lib\jsdom\living\nodes\HTMLScriptElement-impl.js:173:5)
    at C:\projects\thousand\node_modules\jsdom\lib\jsdom\living\nodes\HTMLScriptElement-impl.js:114:12
    at ResourceQueue.push (C:\projects\thousand\node_modules\jsdom\lib\jsdom\browser\resources\resource-queue.js:53:16)
  ✔ shows empty state when lobby_update arrives with empty array (180.7143ms)
Error: Uncaught [ReferenceError: requestAnimationFrame is not defined]
    at reportException (C:\projects\thousand\node_modules\jsdom\lib\jsdom\living\helpers\runtime-script-errors.js:66:24)
    at processJavaScript (C:\projects\thousand\node_modules\jsdom\lib\jsdom\living\nodes\HTMLScriptElement-impl.js:240:7)
    at HTMLScriptElementImpl._innerEval (C:\projects\thousand\node_modules\jsdom\lib\jsdom\living\nodes\HTMLScriptElement-impl.js:173:5)
    at C:\projects\thousand\node_modules\jsdom\lib\jsdom\living\nodes\HTMLScriptElement-impl.js:114:12
    at ResourceQueue.push (C:\projects\thousand\node_modules\jsdom\lib\jsdom\browser\resources\resource-queue.js:53:16)
    at HTMLScriptElementImpl._fetchInternalScript (C:\projects\thousand\node_modules\jsdom\lib\jsdom\living\nodes\HTMLScriptElement-impl.js:113:21)
    at HTMLScriptElementImpl._eval (C:\projects\thousand\node_modules\jsdom\lib\jsdom\living\nodes\HTMLScriptElement-impl.js:167:12)
    at HTMLScriptElementImpl._poppedOffStackOfOpenElements (C:\projects\thousand\node_modules\jsdom\lib\jsdom\living\nodes\HTMLScriptElement-impl.js:130:10)
    at JSDOMParse5Adapter.onItemPop (C:\projects\thousand\node_modules\jsdom\lib\jsdom\browser\parser\html.js:175:43)
    at Parser.onItemPop (C:\projects\thousand\node_modules\parse5\dist\cjs\parser\index.js:176:90) ReferenceError: requestAnimationFrame is not defined
    at Antlion._tick (http://localhost:3000/:142:5)
    at Antlion.start (http://localhost:3000/:116:12)
    at http://localhost:3000/:3758:9
    at http://localhost:3000/:3761:3
    at Script.runInContext (node:vm:149:12)
    at Object.runInContext (node:vm:301:6)
    at processJavaScript (C:\projects\thousand\node_modules\jsdom\lib\jsdom\living\nodes\HTMLScriptElement-impl.js:238:10)
    at HTMLScriptElementImpl._innerEval (C:\projects\thousand\node_modules\jsdom\lib\jsdom\living\nodes\HTMLScriptElement-impl.js:173:5)
    at C:\projects\thousand\node_modules\jsdom\lib\jsdom\living\nodes\HTMLScriptElement-impl.js:114:12
    at ResourceQueue.push (C:\projects\thousand\node_modules\jsdom\lib\jsdom\browser\resources\resource-queue.js:53:16)
  ✔ clears old rows and re-renders on second lobby_update (184.936ms)
✔ Lobby game-list rendering (854.3653ms)
Error: Uncaught [ReferenceError: requestAnimationFrame is not defined]
    at reportException (C:\projects\thousand\node_modules\jsdom\lib\jsdom\living\helpers\runtime-script-errors.js:66:24)
    at processJavaScript (C:\projects\thousand\node_modules\jsdom\lib\jsdom\living\nodes\HTMLScriptElement-impl.js:240:7)
    at HTMLScriptElementImpl._innerEval (C:\projects\thousand\node_modules\jsdom\lib\jsdom\living\nodes\HTMLScriptElement-impl.js:173:5)
    at C:\projects\thousand\node_modules\jsdom\lib\jsdom\living\nodes\HTMLScriptElement-impl.js:114:12
    at ResourceQueue.push (C:\projects\thousand\node_modules\jsdom\lib\jsdom\browser\resources\resource-queue.js:53:16)
    at HTMLScriptElementImpl._fetchInternalScript (C:\projects\thousand\node_modules\jsdom\lib\jsdom\living\nodes\HTMLScriptElement-impl.js:113:21)
    at HTMLScriptElementImpl._eval (C:\projects\thousand\node_modules\jsdom\lib\jsdom\living\nodes\HTMLScriptElement-impl.js:167:12)
    at HTMLScriptElementImpl._poppedOffStackOfOpenElements (C:\projects\thousand\node_modules\jsdom\lib\jsdom\living\nodes\HTMLScriptElement-impl.js:130:10)
    at JSDOMParse5Adapter.onItemPop (C:\projects\thousand\node_modules\jsdom\lib\jsdom\browser\parser\html.js:175:43)
    at Parser.onItemPop (C:\projects\thousand\node_modules\parse5\dist\cjs\parser\index.js:176:90) ReferenceError: requestAnimationFrame is not defined
    at Antlion._tick (http://localhost:3000/:142:5)
    at Antlion.start (http://localhost:3000/:116:12)
    at http://localhost:3000/:3758:9
    at http://localhost:3000/:3761:3
    at Script.runInContext (node:vm:149:12)
    at Object.runInContext (node:vm:301:6)
    at processJavaScript (C:\projects\thousand\node_modules\jsdom\lib\jsdom\living\nodes\HTMLScriptElement-impl.js:238:10)
    at HTMLScriptElementImpl._innerEval (C:\projects\thousand\node_modules\jsdom\lib\jsdom\living\nodes\HTMLScriptElement-impl.js:173:5)
    at C:\projects\thousand\node_modules\jsdom\lib\jsdom\living\nodes\HTMLScriptElement-impl.js:114:12
    at ResourceQueue.push (C:\projects\thousand\node_modules\jsdom\lib\jsdom\browser\resources\resource-queue.js:53:16)
▶ Create game modal
  ✔ "New Game" button exists in the DOM (115.6776ms)
Error: Uncaught [ReferenceError: requestAnimationFrame is not defined]
    at reportException (C:\projects\thousand\node_modules\jsdom\lib\jsdom\living\helpers\runtime-script-errors.js:66:24)
    at processJavaScript (C:\projects\thousand\node_modules\jsdom\lib\jsdom\living\nodes\HTMLScriptElement-impl.js:240:7)
    at HTMLScriptElementImpl._innerEval (C:\projects\thousand\node_modules\jsdom\lib\jsdom\living\nodes\HTMLScriptElement-impl.js:173:5)
    at C:\projects\thousand\node_modules\jsdom\lib\jsdom\living\nodes\HTMLScriptElement-impl.js:114:12
    at ResourceQueue.push (C:\projects\thousand\node_modules\jsdom\lib\jsdom\browser\resources\resource-queue.js:53:16)
    at HTMLScriptElementImpl._fetchInternalScript (C:\projects\thousand\node_modules\jsdom\lib\jsdom\living\nodes\HTMLScriptElement-impl.js:113:21)
    at HTMLScriptElementImpl._eval (C:\projects\thousand\node_modules\jsdom\lib\jsdom\living\nodes\HTMLScriptElement-impl.js:167:12)
    at HTMLScriptElementImpl._poppedOffStackOfOpenElements (C:\projects\thousand\node_modules\jsdom\lib\jsdom\living\nodes\HTMLScriptElement-impl.js:130:10)
    at JSDOMParse5Adapter.onItemPop (C:\projects\thousand\node_modules\jsdom\lib\jsdom\browser\parser\html.js:175:43)
    at Parser.onItemPop (C:\projects\thousand\node_modules\parse5\dist\cjs\parser\index.js:176:90) ReferenceError: requestAnimationFrame is not defined
    at Antlion._tick (http://localhost:3000/:142:5)
    at Antlion.start (http://localhost:3000/:116:12)
    at http://localhost:3000/:3758:9
    at http://localhost:3000/:3761:3
    at Script.runInContext (node:vm:149:12)
    at Object.runInContext (node:vm:301:6)
    at processJavaScript (C:\projects\thousand\node_modules\jsdom\lib\jsdom\living\nodes\HTMLScriptElement-impl.js:238:10)
    at HTMLScriptElementImpl._innerEval (C:\projects\thousand\node_modules\jsdom\lib\jsdom\living\nodes\HTMLScriptElement-impl.js:173:5)
    at C:\projects\thousand\node_modules\jsdom\lib\jsdom\living\nodes\HTMLScriptElement-impl.js:114:12
    at ResourceQueue.push (C:\projects\thousand\node_modules\jsdom\lib\jsdom\browser\resources\resource-queue.js:53:16)
  ✔ modal appears when New Game button is clicked (165.4255ms)
Error: Uncaught [ReferenceError: requestAnimationFrame is not defined]
    at reportException (C:\projects\thousand\node_modules\jsdom\lib\jsdom\living\helpers\runtime-script-errors.js:66:24)
    at processJavaScript (C:\projects\thousand\node_modules\jsdom\lib\jsdom\living\nodes\HTMLScriptElement-impl.js:240:7)
    at HTMLScriptElementImpl._innerEval (C:\projects\thousand\node_modules\jsdom\lib\jsdom\living\nodes\HTMLScriptElement-impl.js:173:5)
    at C:\projects\thousand\node_modules\jsdom\lib\jsdom\living\nodes\HTMLScriptElement-impl.js:114:12
    at ResourceQueue.push (C:\projects\thousand\node_modules\jsdom\lib\jsdom\browser\resources\resource-queue.js:53:16)
    at HTMLScriptElementImpl._fetchInternalScript (C:\projects\thousand\node_modules\jsdom\lib\jsdom\living\nodes\HTMLScriptElement-impl.js:113:21)
    at HTMLScriptElementImpl._eval (C:\projects\thousand\node_modules\jsdom\lib\jsdom\living\nodes\HTMLScriptElement-impl.js:167:12)
    at HTMLScriptElementImpl._poppedOffStackOfOpenElements (C:\projects\thousand\node_modules\jsdom\lib\jsdom\living\nodes\HTMLScriptElement-impl.js:130:10)
    at JSDOMParse5Adapter.onItemPop (C:\projects\thousand\node_modules\jsdom\lib\jsdom\browser\parser\html.js:175:43)
    at Parser.onItemPop (C:\projects\thousand\node_modules\parse5\dist\cjs\parser\index.js:176:90) ReferenceError: requestAnimationFrame is not defined
    at Antlion._tick (http://localhost:3000/:142:5)
    at Antlion.start (http://localhost:3000/:116:12)
    at http://localhost:3000/:3758:9
    at http://localhost:3000/:3761:3
    at Script.runInContext (node:vm:149:12)
    at Object.runInContext (node:vm:301:6)
    at processJavaScript (C:\projects\thousand\node_modules\jsdom\lib\jsdom\living\nodes\HTMLScriptElement-impl.js:238:10)
    at HTMLScriptElementImpl._innerEval (C:\projects\thousand\node_modules\jsdom\lib\jsdom\living\nodes\HTMLScriptElement-impl.js:173:5)
    at C:\projects\thousand\node_modules\jsdom\lib\jsdom\living\nodes\HTMLScriptElement-impl.js:114:12
    at ResourceQueue.push (C:\projects\thousand\node_modules\jsdom\lib\jsdom\browser\resources\resource-queue.js:53:16)
  ✔ modal has Public/Private radio buttons (117.6409ms)
✔ Create game modal (399.3056ms)
▶ Empty state
  ✔ displays empty-state message when game list is empty (129.9843ms)
✔ Empty state (130.4057ms)
▶ round-messages.005 — exchange_pass broadcasts card_passed
  ✔ after start_game, sending exchange_pass broadcasts card_passed to all 3 players (11.0896ms)
  ✔ after 2 exchange_passes, trick_play_started is broadcast to all 3 (2.3992ms)
✔ round-messages.005 — exchange_pass broadcasts card_passed (15.7544ms)
▶ round-messages.005 — play_card broadcasts card_played
  ✔ after trick-play starts, play_card from the leading player broadcasts card_played to all 3 (4.9929ms)
  ✔ play_card from the wrong seat (not currentTurnSeat) produces action_rejected to sender only (7.6579ms)
✔ round-messages.005 — play_card broadcasts card_played (13.5971ms)
▶ round-messages.005 — round_summary broadcast after trick 8
  ✔ after the 8th trick resolves, round_summary is broadcast to all 3 players (8.6493ms)
  ✔ round_summary contains perPlayer scoring data for all 3 seats (4.528ms)
✔ round-messages.005 — round_summary broadcast after trick 8 (13.6985ms)
▶ round-messages — round_started on startRound
  ✔ all three players receive round_started (9.6173ms)
  ✔ each round_started carries the correct self-seat for the recipient (2.7479ms)
  ✔ per-viewer filtering: only own-seat steps carry rank+suit; talon and opponent steps do not (19.8829ms)
  ✔ gameStatus in round_started has phase Bidding and null currentHighBid (2.4307ms)
✔ round-messages — round_started on startRound (39.9316ms)
▶ round-messages — bid message broadcasts
  ✔ valid bid from P1 produces bid_accepted and phase_changed to all 3 players (5.776ms)
  ✔ valid pass from P1 produces pass_accepted and phase_changed to all 3 players (12.6866ms)
✔ round-messages — bid message broadcasts (19.0074ms)
▶ round-messages — invalid bid sends action_rejected to sender only
  ✔ bid from wrong seat (not currentTurnSeat) is rejected to sender only (3.4252ms)
  ✔ bid with non-multiple-of-5 amount is rejected to sender only (1.6907ms)
✔ round-messages — invalid bid sends action_rejected to sender only (11.6671ms)
▶ round-messages — joining an in-progress game is rejected (FR-020)
  ✔ _admitPlayerToGame sends game_join_failed when game.status is in-progress (0.8455ms)
✔ round-messages — joining an in-progress game is rejected (FR-020) (1.0859ms)
▶ round-messages — synchrony assertions
  ✔ SC-001: startRound is invoked synchronously inside _admitPlayerToGame (1.8569ms)
  ✔ SC-008: phase_changed broadcast lands in the same synchronous tick as handleBid (1.7056ms)
  ✔ SC-008: phase_changed broadcast lands in the same synchronous tick as handlePass (2.1734ms)
✔ round-messages — synchrony assertions (6.1356ms)
▶ round-messages — talon_absorbed on bidding resolution (US2)
  ✔ talon_absorbed is broadcast to all 3 players when bidding resolves (7.6909ms)
  ✔ talon_absorbed includes identities only for the declarer recipient (FR-022) (13.4945ms)
  ✔ phase_changed after bidding resolution carries Declarer deciding phase (3.7487ms)
✔ round-messages — talon_absorbed on bidding resolution (US2) (25.3952ms)
▶ round-messages — start_game from declarer (US2)
  ✔ start_game from the declarer sends card_exchange_started to all 3 players (1.8733ms)
  ✔ start_game keeps the game record alive for card-exchange phase (2.3801ms)
  ✔ start_game keeps all player gameIds set during card-exchange phase (1.4321ms)
✔ round-messages — start_game from declarer (US2) (6.0645ms)
▶ round-messages — start_game from non-declarer is rejected (US2)
  ✔ start_game from a non-declarer sends action_rejected to sender only (4.8884ms)
✔ round-messages — start_game from non-declarer is rejected (US2) (5.1116ms)
▶ round-messages — sell_start from declarer (US3)
  ✔ sell_start broadcasts sell_started and phase_changed to all 3 players (1.6279ms)
  ✔ sell_start from non-declarer sends action_rejected to sender only (1.0844ms)
✔ round-messages — sell_start from declarer (US3) (3.0099ms)
▶ round-messages — sell_select produces sell_exposed (US3)
  ✔ sell_select broadcasts sell_exposed with identities to ALL 3 recipients (FR-022) (1.9922ms)
  ✔ sell_exposed carries identities for ALL recipients, unlike talon_absorbed (FR-022) (1.8763ms)
  ✔ sell_select also broadcasts phase_changed to all 3 (1.683ms)
✔ round-messages — sell_select produces sell_exposed (US3) (6.157ms)
▶ round-messages — sell_bid broadcast (US3)
  ✔ sell_bid from a valid opponent broadcasts bid_accepted and phase_changed to all 3 (2.1124ms)
✔ round-messages — sell_bid broadcast (US3) (2.3328ms)
▶ round-messages — sell_pass both pass → outcome returned (US3)
  ✔ sell_resolved with outcome:returned is broadcast when both opponents pass (3.6325ms)
  ✔ sell_resolved:returned has no newDeclarerId (3.107ms)
  ✔ phase_changed after returned carries Declarer deciding (13.865ms)
✔ round-messages — sell_pass both pass → outcome returned (US3) (20.992ms)
▶ round-messages — sell_bid then sell_pass → outcome sold (US3)
  ✔ sell_resolved with outcome:sold is broadcast when one opponent buys (4.7003ms)
  ✔ sell_resolved:sold carries oldDeclarerId (2.4586ms)
  ✔ sell_resolved does not carry full card identities (client manages visibility drops per FR-023) (4.3845ms)
✔ round-messages — sell_bid then sell_pass → outcome sold (US3) (12.672ms)
▶ round-messages — sell_bid causes immediate sold resolution (US3)
  ✔ sell_bid from the last active opponent broadcasts sell_resolved:sold immediately (3.0418ms)
✔ round-messages — sell_bid causes immediate sold resolution (US3) (3.2516ms)
▶ round-messages — sell_cancel from declarer (US3)
  ✔ sell_cancel broadcasts phase_changed to Declarer deciding for all 3 (1.3246ms)
  ✔ sell_cancel from non-declarer is rejected (1.0675ms)
✔ round-messages — sell_cancel from declarer (US3) (2.6268ms)
▶ round-messages — reconnect to in-progress game (T009)
  ✔ hello with a valid sessionToken for an in-progress game sends round_state_snapshot (2.7384ms)
  ✔ round_state_snapshot for dealing/bidding phase includes talonIds but not talon identities (2.5381ms)
  ✔ round_state_snapshot for bidding phase with no bids includes dealSequence for animation replay (2.0376ms)
  ✔ round_state_snapshot for bidding phase after a bid has been placed omits dealSequence (1.6153ms)
  ✔ round_state_snapshot for selling-bidding phase includes exposed card identities (2.284ms)
✔ round-messages — reconnect to in-progress game (T009) (11.7291ms)
▶ Static files
  ✔ serves index.html at / (102.8191ms)
  ✔ returns 404 for unknown path (22.9088ms)
✔ Static files (128.4603ms)
▶ GET /api/games
  ✔ returns 200 with empty games array when no games exist (13.9288ms)
  ✔ returns only public waiting games (14.4922ms)
  ✔ does not expose inviteCode field in response (3.9815ms)
  ✔ includes playerCount and requiredPlayers fields (4.0364ms)
✔ GET /api/games (38.4908ms)
▶ POST /api/games/:id/join
  ✔ returns 200 and gameId on success (110.4258ms)
  ✔ returns 404 when game does not exist (96.9404ms)
  ✔ returns 404 for private game (81.2826ms)
  ✔ returns 409 when game is full (101.4069ms)
  ✔ returns 409 when game is not waiting (89.5159ms)
  ✔ returns 400 for invalid nickname (87.7617ms)
✔ POST /api/games/:id/join (568.606ms)
▶ POST /api/games
  ✔ creates a public game — no inviteCode in response (91.4107ms)
  ✔ creates a private game — inviteCode is 6-char uppercase alphanum (84.834ms)
  ✔ returns 400 when nickname is missing (90.3145ms)
  ✔ returns 400 when type is invalid (64.8611ms)
  ✔ returns 400 when nickname is too short (68.6548ms)
  ✔ returns 400 when nickname is too long (66.9129ms)
✔ POST /api/games (467.9039ms)
▶ POST /api/games/join-invite
  ✔ returns 200 and gameId on valid code (83.4242ms)
  ✔ returns 404 for unknown invite code (76.7743ms)
  ✔ returns 409 when game is full (66.7602ms)
  ✔ returns 400 for invalid nickname (69.3942ms)
✔ POST /api/games/join-invite (296.9635ms)
▶ Private game not visible in lobby
  ✔ GET /api/games returns empty array after private game created (68.4304ms)
✔ Private game not visible in lobby (68.6282ms)
▶ Nickname validation
  ✔ rejects blank nickname on join (63.4639ms)
  ✔ rejects blank nickname on create (67.2252ms)
✔ Nickname validation (130.9465ms)
▶ WebSocket lobby_update broadcast
  ✔ sends lobby_update to lobby clients when a public game is created (69.2391ms)
  ✔ sends initial lobby_update immediately on connect (4.1403ms)
✔ WebSocket lobby_update broadcast (73.7149ms)
▶ WebSocket player disconnect cleanup
  ✔ deletes game when host WS disconnects with no other players (109.3589ms)
  ✔ sends player_left to remaining players when a non-host WS client disconnects (119.4097ms)
✔ WebSocket player disconnect cleanup (229.2729ms)
▶ Invalid JSON body handling
  ✔ returns 400 for invalid JSON body on POST /api/games (62.5284ms)
  ✔ returns 400 for invalid JSON body on POST /api/games/:id/join (62.1156ms)
  ✔ returns 400 for invalid JSON body on POST /api/games/join-invite (55.3994ms)
✔ Invalid JSON body handling (180.382ms)
▶ Join-invite game status guard
  ✔ returns 404 when invite code maps to a non-waiting game (66.6637ms)
✔ Join-invite game status guard (66.8036ms)
▶ Existing sessionToken re-use on join
  ✔ preserves the claimed nickname when join body sends a different one (65.9034ms)
✔ Existing sessionToken re-use on join (66.0882ms)
▶ WebSocket message handling
  ✔ handles ping message without responding (65.5312ms)
  ✔ responds with error for unrecognized message type (35.6314ms)
  ✔ responds with error for invalid JSON WS message (31.2197ms)
  ✔ sends game_joined WS message to player after HTTP join (67.5488ms)
✔ WebSocket message handling (200.4092ms)
▶ POST /api/nickname
  ✔ returns 200 and stores nickname for a connected player (3.4049ms)
  ✔ returns 409 when another connected player holds the same nickname (4.9843ms)
  ✔ rejects duplicate nicknames case-insensitively (5.2718ms)
  ✔ allows a player to re-claim their own nickname (3.6706ms)
  ✔ returns 400 for nickname that is too short (3.957ms)
  ✔ returns 400 for nickname that is too long (4.0113ms)
  ✔ returns 401 when sessionToken is invalid (1.3614ms)
  ✔ returns 401 when sessionToken is absent (0.9327ms)
  ✔ returns 400 for invalid JSON body (55.6185ms)
✔ POST /api/nickname (83.706ms)
Unhandled error: Error: forced test error
    at store.getLobbyGames (C:\projects\thousand\tests\server.test.js:876:41)
    at GameController.handleGetGames (C:\projects\thousand\src\controllers\GameController.js:97:53)
    at RequestHandler.handleRequest (C:\projects\thousand\src\controllers\RequestHandler.js:53:26)
    at Server.<anonymous> (C:\projects\thousand\src\server.js:18:11)
    at Server.emit (node:events:508:28)
    at parserOnIncoming (node:_http_server:1210:12)
    at HTTPParser.parserOnHeadersComplete (node:_http_common:125:17)
▶ HTTP server error handling
  ✔ returns 500 when handleRequest throws (1.9961ms)
✔ HTTP server error handling (2.1ms)
▶ WebSocket upgrade handling
  ✔ destroys socket for WebSocket upgrade to a non-/ws path (1.2353ms)
✔ WebSocket upgrade handling (1.3325ms)
▶ WebSocket disconnect edge cases
  ✔ disbands game and notifies guest when host disconnects with remaining players (112.5836ms)
  ✔ cleans up inviteCode when private game host disconnects alone (112.5395ms)
✔ WebSocket disconnect edge cases (225.3192ms)
▶ Static file path traversal protection
  ✔ returns 404 for path traversal attempts (1.6047ms)
✔ Static file path traversal protection (1.7152ms)
ℹ tests 536
ℹ suites 171
ℹ pass 509
ℹ fail 0
ℹ cancelled 27
ℹ skipped 0
ℹ todo 0
ℹ duration_ms 8285.7629

✖ failing tests:

test at tests\FinalResultsScreen.test.js:81:3
✖ renders a row for each player in finalRanking
  'test did not finish before its parent and was cancelled'

test at tests\FinalResultsScreen.test.js:88:3
✖ renders Alice in the ranking display
  'test did not finish before its parent and was cancelled'

test at tests\FinalResultsScreen.test.js:94:3
✖ renders Bob in the ranking display
  'test did not finish before its parent and was cancelled'

test at tests\FinalResultsScreen.test.js:100:3
✖ renders Carol in the ranking display
  'test did not finish before its parent and was cancelled'

test at tests\FinalResultsScreen.test.js:80:1
✖ FinalResultsScreen — ranking display (FR-017) (0.6141ms)
  Error: ENOENT: no such file or directory, open 'C:\projects\thousand\src\public\js\thousand\FinalResultsScreen.js'
      at Object.readFileSync (node:fs:440:20)
      at loadModule (C:\projects\thousand\tests\helpers\loadModule.js:52:18)
      at TestContext.<anonymous> (C:\projects\thousand\tests\FinalResultsScreen.test.js:22:3)
      at TestHook.runInAsyncScope (node:async_hooks:228:14)
      at TestHook.run (node:internal/test_runner/test:1118:25)
      at TestHook.run (node:internal/test_runner/test:1442:18)
      at TestHook.run (node:internal/util:602:20)
      at Test.createHook (node:internal/test_runner/test:929:33)
      at node:internal/test_runner/harness:397:12
      at Object.<anonymous> (C:\projects\thousand\tests\FinalResultsScreen.test.js:14:1) {
    errno: -4058,
    code: 'ENOENT',
    syscall: 'open',
    path: 'C:\\projects\\thousand\\src\\public\\js\\thousand\\FinalResultsScreen.js'
  }

test at tests\FinalResultsScreen.test.js:109:3
✖ first ranking row is the highest scorer (1020 points)
  'test did not finish before its parent and was cancelled'

test at tests\FinalResultsScreen.test.js:118:3
✖ second ranking row is the second-highest scorer (650 points)
  'test did not finish before its parent and was cancelled'

test at tests\FinalResultsScreen.test.js:127:3
✖ third ranking row is the lowest scorer (330 points)
  'test did not finish before its parent and was cancelled'

test at tests\FinalResultsScreen.test.js:136:3
✖ ranking rows show cumulativeScore values in descending order (no re-sorting needed)
  'test did not finish before its parent and was cancelled'

test at tests\FinalResultsScreen.test.js:108:1
✖ FinalResultsScreen — ranking order is descending by score (FR-017) (0.1257ms)
  Error: ENOENT: no such file or directory, open 'C:\projects\thousand\src\public\js\thousand\FinalResultsScreen.js'
      at Object.readFileSync (node:fs:440:20)
      at loadModule (C:\projects\thousand\tests\helpers\loadModule.js:52:18)
      at TestContext.<anonymous> (C:\projects\thousand\tests\FinalResultsScreen.test.js:22:3)
      at TestHook.runInAsyncScope (node:async_hooks:228:14)
      at TestHook.run (node:internal/test_runner/test:1118:25)
      at TestHook.run (node:internal/test_runner/test:1442:18)
      at TestHook.run (node:internal/util:602:20)
      at Test.createHook (node:internal/test_runner/test:929:33)
      at node:internal/test_runner/harness:397:12
      at Object.<anonymous> (C:\projects\thousand\tests\FinalResultsScreen.test.js:14:1) {
    errno: -4058,
    code: 'ENOENT',
    syscall: 'open',
    path: 'C:\\projects\\thousand\\src\\public\\js\\thousand\\FinalResultsScreen.js'
  }

test at tests\FinalResultsScreen.test.js:165:3
✖ ranking row contains both nickname and cumulativeScore
  'test did not finish before its parent and was cancelled'

test at tests\FinalResultsScreen.test.js:164:1
✖ FinalResultsScreen — ranking row shows nickname and score (FR-017) (0.3461ms)
  Error: ENOENT: no such file or directory, open 'C:\projects\thousand\src\public\js\thousand\FinalResultsScreen.js'
      at Object.readFileSync (node:fs:440:20)
      at loadModule (C:\projects\thousand\tests\helpers\loadModule.js:52:18)
      at TestContext.<anonymous> (C:\projects\thousand\tests\FinalResultsScreen.test.js:22:3)
      at TestHook.runInAsyncScope (node:async_hooks:228:14)
      at TestHook.run (node:internal/test_runner/test:1118:25)
      at TestHook.run (node:internal/test_runner/test:1442:18)
      at TestHook.run (node:internal/util:602:20)
      at Test.createHook (node:internal/test_runner/test:929:33)
      at node:internal/test_runner/harness:397:12
      at Object.<anonymous> (C:\projects\thousand\tests\FinalResultsScreen.test.js:14:1) {
    errno: -4058,
    code: 'ENOENT',
    syscall: 'open',
    path: 'C:\\projects\\thousand\\src\\public\\js\\thousand\\FinalResultsScreen.js'
  }

test at tests\FinalResultsScreen.test.js:183:3
✖ the row with isWinner: true has a .final-results__ranking-row--winner class
  'test did not finish before its parent and was cancelled'

test at tests\FinalResultsScreen.test.js:190:3
✖ winner row contains the winner nickname
  'test did not finish before its parent and was cancelled'

test at tests\FinalResultsScreen.test.js:199:3
✖ non-winner rows do NOT have .final-results__ranking-row--winner class
  'test did not finish before its parent and was cancelled'

test at tests\FinalResultsScreen.test.js:212:3
✖ winner row matches winnerNickname from finalResults
  'test did not finish before its parent and was cancelled'

test at tests\FinalResultsScreen.test.js:182:1
✖ FinalResultsScreen — winner highlight (FR-017) (0.137ms)
  Error: ENOENT: no such file or directory, open 'C:\projects\thousand\src\public\js\thousand\FinalResultsScreen.js'
      at Object.readFileSync (node:fs:440:20)
      at loadModule (C:\projects\thousand\tests\helpers\loadModule.js:52:18)
      at TestContext.<anonymous> (C:\projects\thousand\tests\FinalResultsScreen.test.js:22:3)
      at TestHook.runInAsyncScope (node:async_hooks:228:14)
      at TestHook.run (node:internal/test_runner/test:1118:25)
      at TestHook.run (node:internal/test_runner/test:1442:18)
      at TestHook.run (node:internal/util:602:20)
      at Test.createHook (node:internal/test_runner/test:929:33)
      at node:internal/test_runner/harness:397:12
      at Object.<anonymous> (C:\projects\thousand\tests\FinalResultsScreen.test.js:14:1) {
    errno: -4058,
    code: 'ENOENT',
    syscall: 'open',
    path: 'C:\\projects\\thousand\\src\\public\\js\\thousand\\FinalResultsScreen.js'
  }

test at tests\FinalResultsScreen.test.js:230:3
✖ renders a row for each round in history
  'test did not finish before its parent and was cancelled'

test at tests\FinalResultsScreen.test.js:237:3
✖ history row shows roundNumber
  'test did not finish before its parent and was cancelled'

test at tests\FinalResultsScreen.test.js:244:3
✖ history row shows declarerNickname
  'test did not finish before its parent and was cancelled'

test at tests\FinalResultsScreen.test.js:251:3
✖ history row shows bid value
  'test did not finish before its parent and was cancelled'

test at tests\FinalResultsScreen.test.js:258:3
✖ history row shows per-player delta and cumulativeAfter values
  'test did not finish before its parent and was cancelled'

test at tests\FinalResultsScreen.test.js:269:3
✖ each history row contains data for all players in that round
  'test did not finish before its parent and was cancelled'

test at tests\FinalResultsScreen.test.js:229:1
✖ FinalResultsScreen — history table rendering (FR-017) (0.1263ms)
  Error: ENOENT: no such file or directory, open 'C:\projects\thousand\src\public\js\thousand\FinalResultsScreen.js'
      at Object.readFileSync (node:fs:440:20)
      at loadModule (C:\projects\thousand\tests\helpers\loadModule.js:52:18)
      at TestContext.<anonymous> (C:\projects\thousand\tests\FinalResultsScreen.test.js:22:3)
      at TestHook.runInAsyncScope (node:async_hooks:228:14)
      at TestHook.run (node:internal/test_runner/test:1118:25)
      at TestHook.run (node:internal/test_runner/test:1442:18)
      at TestHook.run (node:internal/util:602:20)
      at Test.createHook (node:internal/test_runner/test:929:33)
      at node:internal/test_runner/harness:397:12
      at Object.<anonymous> (C:\projects\thousand\tests\FinalResultsScreen.test.js:14:1) {
    errno: -4058,
    code: 'ENOENT',
    syscall: 'open',
    path: 'C:\\projects\\thousand\\src\\public\\js\\thousand\\FinalResultsScreen.js'
  }

test at tests\FinalResultsScreen.test.js:284:3
✖ renders .final-results__back-btn
  'test did not finish before its parent and was cancelled'

test at tests\FinalResultsScreen.test.js:291:3
✖ .final-results__back-btn text indicates Back or Lobby
  'test did not finish before its parent and was cancelled'

test at tests\FinalResultsScreen.test.js:302:3
✖ clicking .final-results__back-btn calls onBackToLobby()
  'test did not finish before its parent and was cancelled'

test at tests\FinalResultsScreen.test.js:314:3
✖ onBackToLobby is not called before the button is clicked
  'test did not finish before its parent and was cancelled'

test at tests\FinalResultsScreen.test.js:283:1
✖ FinalResultsScreen — back to lobby button (FR-017) (0.1152ms)
  Error: ENOENT: no such file or directory, open 'C:\projects\thousand\src\public\js\thousand\FinalResultsScreen.js'
      at Object.readFileSync (node:fs:440:20)
      at loadModule (C:\projects\thousand\tests\helpers\loadModule.js:52:18)
      at TestContext.<anonymous> (C:\projects\thousand\tests\FinalResultsScreen.test.js:22:3)
      at TestHook.runInAsyncScope (node:async_hooks:228:14)
      at TestHook.run (node:internal/test_runner/test:1118:25)
      at TestHook.run (node:internal/test_runner/test:1442:18)
      at TestHook.run (node:internal/util:602:20)
      at Test.createHook (node:internal/test_runner/test:929:33)
      at node:internal/test_runner/harness:397:12
      at Object.<anonymous> (C:\projects\thousand\tests\FinalResultsScreen.test.js:14:1) {
    errno: -4058,
    code: 'ENOENT',
    syscall: 'open',
    path: 'C:\\projects\\thousand\\src\\public\\js\\thousand\\FinalResultsScreen.js'
  }

test at tests\FinalResultsScreen.test.js:325:3
✖ after unmount(), the DOM contains no ranking rows
  'test did not finish before its parent and was cancelled'

test at tests\FinalResultsScreen.test.js:337:3
✖ after unmount(), the DOM contains no history rows
  'test did not finish before its parent and was cancelled'

test at tests\FinalResultsScreen.test.js:349:3
✖ after unmount(), the back button is removed
  'test did not finish before its parent and was cancelled'

test at tests\FinalResultsScreen.test.js:361:3
✖ unmount() clears the container DOM
  'test did not finish before its parent and was cancelled'

test at tests\FinalResultsScreen.test.js:324:1
✖ FinalResultsScreen — unmount cleanup (0.0768ms)
  Error: ENOENT: no such file or directory, open 'C:\projects\thousand\src\public\js\thousand\FinalResultsScreen.js'
      at Object.readFileSync (node:fs:440:20)
      at loadModule (C:\projects\thousand\tests\helpers\loadModule.js:52:18)
      at TestContext.<anonymous> (C:\projects\thousand\tests\FinalResultsScreen.test.js:22:3)
      at TestHook.runInAsyncScope (node:async_hooks:228:14)
      at TestHook.run (node:internal/test_runner/test:1118:25)
      at TestHook.run (node:internal/test_runner/test:1442:18)
      at TestHook.run (node:internal/util:602:20)
      at Test.createHook (node:internal/test_runner/test:929:33)
      at node:internal/test_runner/harness:397:12
      at Object.<anonymous> (C:\projects\thousand\tests\FinalResultsScreen.test.js:14:1) {
    errno: -4058,
    code: 'ENOENT',
    syscall: 'open',
    path: 'C:\\projects\\thousand\\src\\public\\js\\thousand\\FinalResultsScreen.js'
  }
